// Jest Snapshot v1, https://goo.gl/fbAQLP

exports[`SearchBox should render without crash 1`] = `
<div
  class="form-group"
>
  <label
    class="form-label"
    for="search-box"
  >
    Search by name
  </label>
  <input
    class="sc-bdVaJa btHEdo form-control"
    id="search-box"
    name="searchBox"
    placeholder=""
    type="text"
    value="test"
  />
</div>
`;
