// Jest Snapshot v1, https://goo.gl/fbAQLP

exports[`H1 should render without crash 1`] = `
<h1
  class="sc-htpNat gWfLTp"
>
  Test
</h1>
`;
